[32m[INFO] 2026-09-14 22:25:55,327 [RapidOCR] base.py:23: Using engine_name: onnxruntime[0m
[32m[INFO] 2026-09-14 22:25:55,551 [RapidOCR] download_file.py:60: File exists and is valid: C:\Users\radio\ocr_gpu_venv\Lib\site-packages\rapidocr\models\ch_PP-OCRv5_det_server.onnx[0m
[32m[INFO] 2026-09-14 22:25:55,552 [RapidOCR] main.py:63: Using C:\Users\radio\ocr_gpu_venv\Lib\site-packages\rapidocr\models\ch_PP-OCRv5_det_server.onnx[0m
[32m[INFO] 2026-09-14 22:25:56,230 [RapidOCR] base.py:23: Using engine_name: onnxruntime[0m
[32m[INFO] 2026-09-14 22:25:56,233 [RapidOCR] download_file.py:60: File exists and is valid: C:\Users\radio\ocr_gpu_venv\Lib\site-packages\rapidocr\models\ch_PP-LCNet_x0_25_textline_ori_cls_mobile.onnx[0m
[32m[INFO] 2026-09-14 22:25:56,233 [RapidOCR] main.py:63: Using C:\Users\radio\ocr_gpu_venv\Lib\site-packages\rapidocr\models\ch_PP-LCNet_x0_25_textline_ori_cls_mobile.onnx[0m
[32m[INFO] 2026-09-14 22:25:56,303 [RapidOCR] base.py:23: Using engine_name: onnxruntime[0m
[32m[INFO] 2026-09-14 22:25:56,516 [RapidOCR] download_file.py:60: File exists and is valid: C:\Users\radio\ocr_gpu_venv\Lib\site-packages\rapidocr\models\ch_PP-OCRv5_rec_server.onnx[0m
[32m[INFO] 2026-09-14 22:25:56,517 [RapidOCR] main.py:63: Using C:\Users\radio\ocr_gpu_venv\Lib\site-packages\rapidocr\models\ch_PP-OCRv5_rec_server.onnx[0m
[32m[INFO] 2026-09-14 22:25:57,101 [RapidOCR] base.py:23: Using engine_name: onnxruntime[0m
[32m[INFO] 2026-09-14 22:25:57,127 [RapidOCR] download_file.py:60: File exists and is valid: C:\Users\radio\ocr_gpu_venv\Lib\site-packages\rapidocr\models\PP-OCRv6_det_small.onnx[0m
[32m[INFO] 2026-09-14 22:25:57,127 [RapidOCR] main.py:63: Using C:\Users\radio\ocr_gpu_venv\Lib\site-packages\rapidocr\models\PP-OCRv6_det_small.onnx[0m
[32m[INFO] 2026-09-14 22:25:57,302 [RapidOCR] base.py:23: Using engine_name: onnxruntime[0m
[32m[INFO] 2026-09-14 22:25:57,307 [RapidOCR] download_file.py:60: File exists and is valid: C:\Users\radio\ocr_gpu_venv\Lib\site-packages\rapidocr\models\ch_PP-LCNet_x0_25_textline_ori_cls_mobile.onnx[0m
[32m[INFO] 2026-09-14 22:25:57,307 [RapidOCR] main.py:63: Using C:\Users\radio\ocr_gpu_venv\Lib\site-packages\rapidocr\models\ch_PP-LCNet_x0_25_textline_ori_cls_mobile.onnx[0m
[32m[INFO] 2026-09-14 22:25:57,371 [RapidOCR] base.py:23: Using engine_name: onnxruntime[0m
[32m[INFO] 2026-09-14 22:25:57,426 [RapidOCR] download_file.py:60: File exists and is valid: C:\Users\radio\ocr_gpu_venv\Lib\site-packages\rapidocr\models\PP-OCRv6_rec_small.onnx[0m
[32m[INFO] 2026-09-14 22:25:57,426 [RapidOCR] main.py:63: Using C:\Users\radio\ocr_gpu_venv\Lib\site-packages\rapidocr\models\PP-OCRv6_rec_small.onnx[0m
[stage1] 4/120 ( 3.3%) elapsed     5s ETA   153s tile-avg  1.3s hits=7
[stage1] 8/120 ( 6.7%) elapsed    12s ETA   163s tile-avg  1.5s hits=23
[33m[WARNING] 2026-09-14 22:26:13,125 [RapidOCR] main.py:132: The text detection result is empty[0m
[33m[WARNING] 2026-09-14 22:26:13,920 [RapidOCR] main.py:132: The text detection result is empty[0m
[stage1] 11/120 ( 9.2%) elapsed    17s ETA   170s tile-avg  1.6s hits=24
[stage1] 14/120 (11.7%) elapsed    22s ETA   169s tile-avg  1.6s hits=33
[stage1] 18/120 (15.0%) elapsed    29s ETA   165s tile-avg  1.6s hits=54
[33m[WARNING] 2026-09-14 22:26:30,602 [RapidOCR] main.py:132: The text detection result is empty[0m
[33m[WARNING] 2026-09-14 22:26:31,406 [RapidOCR] main.py:132: The text detection result is empty[0m
[stage1] 21/120 (17.5%) elapsed    35s ETA   164s tile-avg  1.7s hits=58
[stage1] 24/120 (20.0%) elapsed    44s ETA   176s tile-avg  1.8s hits=192
[stage1] 26/120 (21.7%) elapsed    51s ETA   185s tile-avg  2.0s hits=306
[stage1] 29/120 (24.2%) elapsed    58s ETA   181s tile-avg  2.0s hits=376
[33m[WARNING] 2026-09-14 22:26:57,361 [RapidOCR] main.py:132: The text detection result is empty[0m
[33m[WARNING] 2026-09-14 22:26:58,163 [RapidOCR] main.py:132: The text detection result is empty[0m
Traceback (most recent call last):
  File "\\wsl.localhost\Ubuntu\home\radio\radio-service-note\tools\ai_ocr_eval\ai_refdes_ocr.py", line 812, in <module>
    main()
  File "\\wsl.localhost\Ubuntu\home\radio\radio-service-note\tools\ai_ocr_eval\ai_refdes_ocr.py", line 736, in main
    hits1b = stage1_grid(engs1, arr, scale, P, report=rep1, resume_done=resume_done)
             ^^^^^^^^^^^^^^^^^^^^^^^^^^^^^^^^^^^^^^^^^^^^^^^^^^^^^^^^^^^^^^^^^^^^^^^
  File "\\wsl.localhost\Ubuntu\home\radio\radio-service-note\tools\ai_ocr_eval\ai_refdes_ocr.py", line 299, in stage1_grid
    report(i, len(tiles), hits, ti)
  File "\\wsl.localhost\Ubuntu\home\radio\radio-service-note\tools\ai_ocr_eval\ai_refdes_ocr.py", line 731, in rep1
    prog1.tick(hits, tile_idx)
  File "\\wsl.localhost\Ubuntu\home\radio\radio-service-note\tools\ai_ocr_eval\ai_refdes_ocr.py", line 102, in tick
    self.save_hits(hits)
  File "\\wsl.localhost\Ubuntu\home\radio\radio-service-note\tools\ai_ocr_eval\ai_refdes_ocr.py", line 117, in save_hits
    json.dump(cp, f, ensure_ascii=False, indent=1)
  File "C:\Users\radio\py311\Lib\json\__init__.py", line 180, in dump
    fp.write(chunk)
  File "C:\Users\radio\py311\Lib\encodings\cp1252.py", line 19, in encode
    return codecs.charmap_encode(input,self.errors,encoding_table)[0]
           ^^^^^^^^^^^^^^^^^^^^^^^^^^^^^^^^^^^^^^^^^^^^^^^^^^^^^^^
UnicodeEncodeError: 'charmap' codec can't encode character '\u2212' in position 1: character maps to <undefined>
